// Jest Snapshot v1, https://goo.gl/fbAQLP

exports[`renders correctly 1`] = `
<div
  className="card bg-info"
  style={
    Object {
      "marginBottom": "0.5rem",
    }
  }
>
  <form
    className="card-body"
    style={
      Object {
        "paddingBottom": "0rem",
        "paddingTop": "0.5rem",
      }
    }
  >
    <div
      className="form-row"
    >
      <div
        className="col-3"
      >
        <label
          className="sr-only"
        >
          Date
        </label>
        <input
          className="form-control"
          onChange={[Function]}
          type="date"
          value=""
        />
      </div>
      <div
        className="col-5"
      >
        <label
          className="sr-only"
        >
          Description
        </label>
        <input
          className="form-control"
          id="txnDescription"
          onChange={[Function]}
          placeholder="Description"
          type="text"
          value=""
        />
      </div>
      <div
        className="col-2"
      >
        <label
          className="sr-only"
        >
          Amount
        </label>
        <input
          className="form-control"
          id="txnAmount"
          onChange={[Function]}
          placeholder="Amount"
          type="text"
          value=""
        />
      </div>
      <div
        className="col-2"
      >
        <button
          className="btn btn-primary mb-2 btn-submit"
          onClick={[Function]}
          type="submit"
        >
           Add
        </button>
        <button
          className="btn mb-2"
          onClick={[Function]}
          style={
            Object {
              "marginLeft": "0.25rem",
            }
          }
          type="submit"
        >
           Clear
        </button>
      </div>
    </div>
  </form>
</div>
`;
